
Allocating common symbols
Common symbol       size              file

tasks               0x1a20            main.o
str                 0x6               main.o

Discarded input sections

 .note.GNU-stack
                0x0000000000000000        0x0 main.o

Memory Configuration

Name             Origin             Length             Attributes
*default*        0x0000000000000000 0xffffffffffffffff

Linker script and memory map

Address of section .text set to 0x0
LOAD head.o
LOAD main.o
                0x0000000008048000                PROVIDE (__executable_start, 0x8048000)
                0x0000000008048094                . = (0x8048000 + SIZEOF_HEADERS)

.interp
 *(.interp)

.note.gnu.build-id
 *(.note.gnu.build-id)

.hash
 *(.hash)

.gnu.hash
 *(.gnu.hash)

.dynsym
 *(.dynsym)

.dynstr
 *(.dynstr)

.gnu.version
 *(.gnu.version)

.gnu.version_d
 *(.gnu.version_d)

.gnu.version_r
 *(.gnu.version_r)

.rel.dyn        0x0000000008048094        0x0
 *(.rel.init)
 *(.rel.text .rel.text.* .rel.gnu.linkonce.t.*)
 .rel.text      0x0000000000000000        0x0 head.o
 *(.rel.fini)
 *(.rel.rodata .rel.rodata.* .rel.gnu.linkonce.r.*)
 *(.rel.data.rel.ro* .rel.gnu.linkonce.d.rel.ro.*)
 *(.rel.data .rel.data.* .rel.gnu.linkonce.d.*)
 *(.rel.tdata .rel.tdata.* .rel.gnu.linkonce.td.*)
 *(.rel.tbss .rel.tbss.* .rel.gnu.linkonce.tb.*)
 *(.rel.ctors)
 *(.rel.dtors)
 *(.rel.got)
 *(.rel.sharable_data .rel.sharable_data.* .rel.gnu.linkonce.shrd.*)
 *(.rel.sharable_bss .rel.sharable_bss.* .rel.gnu.linkonce.shrb.*)
 *(.rel.bss .rel.bss.* .rel.gnu.linkonce.b.*)
 *(.rel.ifunc)

.rel.plt        0x0000000008048094        0x0
 *(.rel.plt)
                0x0000000008048094                PROVIDE (__rel_iplt_start, .)
 *(.rel.iplt)
 .rel.iplt      0x0000000000000000        0x0 head.o
                0x0000000008048094                PROVIDE (__rel_iplt_end, .)

.init
 *(.init)

.plt            0x0000000008048094        0x0
 *(.plt)
 *(.iplt)
 .iplt          0x0000000000000000        0x0 head.o

.text           0x0000000000000000     0x1824
 *(.text.unlikely .text.*_unlikely)
 *(.text .stub .text.* .gnu.linkonce.t.*)
 .text          0x0000000000000000     0x134e head.o
                0x0000000000000000                startup_32
                0x0000000000000148                idt
                0x0000000000000948                gdt
 *fill*         0x000000000000134e        0x2 90909090
 .text          0x0000000000001350      0x4d4 main.o
                0x0000000000001350                print_string
                0x000000000000138d                timer_handler
                0x00000000000013ef                create_task
                0x000000000000171a                task_proc
                0x000000000000175f                main
 *(.gnu.warning)

.fini
 *(.fini)
                0x0000000000001824                PROVIDE (__etext, .)
                0x0000000000001824                PROVIDE (_etext, .)
                0x0000000000001824                PROVIDE (etext, .)

.rodata
 *(.rodata .rodata.* .gnu.linkonce.r.*)

.rodata1
 *(.rodata1)

.eh_frame_hdr
 *(.eh_frame_hdr)

.eh_frame
 *(.eh_frame)

.gcc_except_table
 *(.gcc_except_table .gcc_except_table.*)
                0x0000000000001824                . = (ALIGN (0x1000) - ((0x1000 - .) & 0xfff))
                0x0000000000002000                . = (0x1000 DATA_SEGMENT_ALIGN 0x1000)

.eh_frame
 *(.eh_frame)

.gcc_except_table
 *(.gcc_except_table .gcc_except_table.*)

.tdata
 *(.tdata .tdata.* .gnu.linkonce.td.*)

.tbss
 *(.tbss .tbss.* .gnu.linkonce.tb.*)
 *(.tcommon)

.preinit_array  0x0000000000002000        0x0
                0x0000000000002000                PROVIDE (__preinit_array_start, .)
 *(.preinit_array)
                0x0000000000002000                PROVIDE (__preinit_array_end, .)

.init_array     0x0000000000002000        0x0
                0x0000000000002000                PROVIDE (__init_array_start, .)
 *(SORT(.init_array.*))
 *(.init_array)
                0x0000000000002000                PROVIDE (__init_array_end, .)

.fini_array     0x0000000000002000        0x0
                0x0000000000002000                PROVIDE (__fini_array_start, .)
 *(SORT(.fini_array.*))
 *(.fini_array)
                0x0000000000002000                PROVIDE (__fini_array_end, .)

.ctors
 *crtbegin.o(.ctors)
 *crtbegin?.o(.ctors)
 *(EXCLUDE_FILE(*crtend?.o *crtend.o) .ctors)
 *(SORT(.ctors.*))
 *(.ctors)

.dtors
 *crtbegin.o(.dtors)
 *crtbegin?.o(.dtors)
 *(EXCLUDE_FILE(*crtend?.o *crtend.o) .dtors)
 *(SORT(.dtors.*))
 *(.dtors)

.jcr
 *(.jcr)

.data.rel.ro
 *(.data.rel.ro.local* .gnu.linkonce.d.rel.ro.local.*)
 *(.data.rel.ro* .gnu.linkonce.d.rel.ro.*)

.dynamic
 *(.dynamic)

.got
 *(.got)
 *(.igot)
                0x0000000000002000                . = (. DATA_SEGMENT_RELRO_END 0xc)

.got.plt        0x0000000000002000        0x0
 *(.got.plt)
 *(.igot.plt)
 .igot.plt      0x0000000000000000        0x0 head.o

.data           0x0000000000002000        0x0
 *(.data .data.* .gnu.linkonce.d.*)
 .data          0x0000000000002000        0x0 head.o
 .data          0x0000000000002000        0x0 main.o

.data1
 *(.data1)

.sharable_data  0x0000000000002000        0x0
                0x0000000000002000                PROVIDE (__sharable_data_start, .)
 *(.sharable_data .sharable_data.* .gnu.linkonce.shrd.*)
                0x0000000000002000                . = ALIGN ((. != 0x0)?0x1000:0x1)
                0x0000000000002000                PROVIDE (__sharable_data_end, .)
                0x0000000000002000                _edata = .
                0x0000000000002000                PROVIDE (edata, .)
                0x0000000000002000                __bss_start = .

.bss            0x0000000000002000     0x1a48
 *(.dynbss)
 *(.bss .bss.* .gnu.linkonce.b.*)
 .bss           0x0000000000002000        0x0 head.o
 .bss           0x0000000000002000        0x8 main.o
                0x0000000000002000                current
                0x0000000000002004                next_task_id
 *(COMMON)
 *fill*         0x0000000000002008       0x18 00
 COMMON         0x0000000000002020     0x1a26 main.o
                0x0000000000002020                tasks
                0x0000000000003a40                str
                0x0000000000003a48                . = ALIGN ((. != 0x0)?0x4:0x1)
 *fill*         0x0000000000003a46        0x2 00

.sharable_bss   0x0000000000004000        0x0
                0x0000000000004000                PROVIDE (__sharable_bss_start, .)
 *(.dynsharablebss)
 *(.sharable_bss .sharable_bss.* .gnu.linkonce.shrb.*)
 *(SHARABLE_COMMON)
                0x0000000000004000                . = ALIGN ((. != 0x0)?0x1000:0x1)
                0x0000000000004000                PROVIDE (__sharable_bss_end, .)
                0x0000000000004000                . = ALIGN (0x4)
                0x0000000000004000                . = ALIGN (0x4)
                0x0000000000004000                _end = .
                0x0000000000004000                PROVIDE (end, .)
                0x0000000000004000                . = DATA_SEGMENT_END (.)

.stab
 *(.stab)

.stabstr
 *(.stabstr)

.stab.excl
 *(.stab.excl)

.stab.exclstr
 *(.stab.exclstr)

.stab.index
 *(.stab.index)

.stab.indexstr
 *(.stab.indexstr)

.comment        0x0000000000000000       0x2c
 *(.comment)
 .comment       0x0000000000000000       0x2c main.o
                                         0x2d (size before relaxing)

.debug
 *(.debug)

.line
 *(.line)

.debug_srcinfo
 *(.debug_srcinfo)

.debug_sfnames
 *(.debug_sfnames)

.debug_aranges  0x0000000000000000       0x40
 *(.debug_aranges)
 .debug_aranges
                0x0000000000000000       0x20 head.o
 .debug_aranges
                0x0000000000000020       0x20 main.o

.debug_pubnames
                0x0000000000000000       0x8b
 *(.debug_pubnames)
 .debug_pubnames
                0x0000000000000000       0x8b main.o

.debug_info     0x0000000000000000      0x49e
 *(.debug_info .gnu.linkonce.wi.*)
 .debug_info    0x0000000000000000       0x4d head.o
 .debug_info    0x000000000000004d      0x451 main.o

.debug_abbrev   0x0000000000000000      0x1a9
 *(.debug_abbrev)
 .debug_abbrev  0x0000000000000000       0x14 head.o
 .debug_abbrev  0x0000000000000014      0x195 main.o

.debug_line     0x0000000000000000      0x15c
 *(.debug_line)
 .debug_line    0x0000000000000000       0xa2 head.o
 .debug_line    0x00000000000000a2       0xba main.o

.debug_frame    0x0000000000000000       0xbc
 *(.debug_frame)
 .debug_frame   0x0000000000000000       0xbc main.o

.debug_str      0x0000000000000000      0x138
 *(.debug_str)
 .debug_str     0x0000000000000000      0x138 main.o
                                        0x14a (size before relaxing)

.debug_loc
 *(.debug_loc)

.debug_macinfo
 *(.debug_macinfo)

.debug_weaknames
 *(.debug_weaknames)

.debug_funcnames
 *(.debug_funcnames)

.debug_typenames
 *(.debug_typenames)

.debug_varnames
 *(.debug_varnames)

.debug_pubtypes
                0x0000000000000000       0x59
 *(.debug_pubtypes)
 .debug_pubtypes
                0x0000000000000000       0x59 main.o

.debug_ranges
 *(.debug_ranges)

.gnu.attributes
 *(.gnu.attributes)

/DISCARD/
 *(.note.GNU-stack)
 *(.gnu_debuglink)
 *(.gnu.lto_*)
OUTPUT(system elf32-i386)
